/dev/sda1                                                                1,7T    140G  1,4T   9% /
MemTotal:       32544716 kB
cpu cores	: 16
01:00.0 VGA compatible controller: NVIDIA Corporation TU117GL [T400 4GB] (rev a1) (prog-if 00 [VGA controller])
	Subsystem: Dell TU117GL [T400 4GB / T400E]
	Flags: bus master, fast devsel, latency 0, IRQ 160, IOMMU group 13
	Memory at 71000000 (32-bit, non-prefetchable) [size=16M]
	Memory at 6000000000 (64-bit, prefetchable) [size=256M]
	Memory at 6010000000 (64-bit, prefetchable) [size=32M]
	I/O ports at 3000 [size=128]
	Expansion ROM at 72080000 [disabled] [size=512K]
	Capabilities: <access denied>
	Kernel driver in use: nouveau
	Kernel modules: nouveau

/dev/sda1                                                                1,7T    140G  1,4T   9% /
MemTotal:       32544716 kB
cpu cores	: 16
01:00.0 VGA compatible controller: NVIDIA Corporation TU117GL [T400 4GB] (rev a1) (prog-if 00 [VGA controller])
	Subsystem: Dell TU117GL [T400 4GB / T400E]
	Flags: bus master, fast devsel, latency 0, IRQ 160, IOMMU group 13
	Memory at 71000000 (32-bit, non-prefetchable) [size=16M]
	Memory at 6000000000 (64-bit, prefetchable) [size=256M]
	Memory at 6010000000 (64-bit, prefetchable) [size=32M]
	I/O ports at 3000 [size=128]
	Expansion ROM at 72080000 [disabled] [size=512K]
	Capabilities: <access denied>
	Kernel driver in use: nouveau
	Kernel modules: nouveau

/dev/sda1                                                                1,7T    140G  1,4T   9% /
MemTotal:       32544716 kB
cpu cores	: 16
01:00.0 VGA compatible controller: NVIDIA Corporation TU117GL [T400 4GB] (rev a1) (prog-if 00 [VGA controller])
	Subsystem: Dell TU117GL [T400 4GB / T400E]
	Flags: bus master, fast devsel, latency 0, IRQ 160, IOMMU group 13
	Memory at 71000000 (32-bit, non-prefetchable) [size=16M]
	Memory at 6000000000 (64-bit, prefetchable) [size=256M]
	Memory at 6010000000 (64-bit, prefetchable) [size=32M]
	I/O ports at 3000 [size=128]
	Expansion ROM at 72080000 [disabled] [size=512K]
	Capabilities: <access denied>
	Kernel driver in use: nouveau
	Kernel modules: nouveau

/dev/sda1                                                                1,7T    140G  1,4T   9% /
MemTotal:       32544716 kB
cpu cores	: 16
01:00.0 VGA compatible controller: NVIDIA Corporation TU117GL [T400 4GB] (rev a1) (prog-if 00 [VGA controller])
	Subsystem: Dell TU117GL [T400 4GB / T400E]
	Flags: bus master, fast devsel, latency 0, IRQ 160, IOMMU group 13
	Memory at 71000000 (32-bit, non-prefetchable) [size=16M]
	Memory at 6000000000 (64-bit, prefetchable) [size=256M]
	Memory at 6010000000 (64-bit, prefetchable) [size=32M]
	I/O ports at 3000 [size=128]
	Expansion ROM at 72080000 [disabled] [size=512K]
	Capabilities: <access denied>
	Kernel driver in use: nouveau
	Kernel modules: nouveau

/dev/sda1                                                                1,7T    140G  1,4T   9% /
MemTotal:       32544716 kB
cpu cores	: 16
01:00.0 VGA compatible controller: NVIDIA Corporation TU117GL [T400 4GB] (rev a1) (prog-if 00 [VGA controller])
	Subsystem: Dell TU117GL [T400 4GB / T400E]
	Flags: bus master, fast devsel, latency 0, IRQ 160, IOMMU group 13
	Memory at 71000000 (32-bit, non-prefetchable) [size=16M]
	Memory at 6000000000 (64-bit, prefetchable) [size=256M]
	Memory at 6010000000 (64-bit, prefetchable) [size=32M]
	I/O ports at 3000 [size=128]
	Expansion ROM at 72080000 [disabled] [size=512K]
	Capabilities: <access denied>
	Kernel driver in use: nouveau
	Kernel modules: nouveau

